-- Copyright (c) 2017-2023 VMware, Inc. or its affiliates
-- SPDX-License-Identifier: Apache-2.0

--------------------------------------------------------------------------------
-- Validate that the upgradeable objects are functional post-upgrade
--------------------------------------------------------------------------------

-- VACUUM FREEZE the entire database to ensure there are no failures.
VACUUM FREEZE;
VACUUM

-- should be able to create a new table without any warnings related to vacuum
CREATE TABLE upgraded_vf_tbl_heap (LIKE vf_tbl_heap);
CREATE
INSERT INTO upgraded_vf_tbl_heap SELECT * FROM vf_tbl_heap;
INSERT 10
VACUUM FREEZE upgraded_vf_tbl_heap;
VACUUM
SELECT * FROM upgraded_vf_tbl_heap;
 a  | b  
----+----
 1  | 1  
 2  | 2  
 3  | 3  
 4  | 4  
 5  | 5  
 6  | 6  
 7  | 7  
 8  | 8  
 9  | 9  
 10 | 10 
(10 rows)
