-- Copyright (c) 2017-2023 VMware, Inc. or its affiliates
-- SPDX-License-Identifier: Apache-2.0

-- Test to ensure that frozen tables can be upgraded and the

--------------------------------------------------------------------------------
-- Create and setup upgradeable objects
--------------------------------------------------------------------------------
CREATE TABLE vf_tbl_heap (a int, b int);
CREATE TABLE
INSERT INTO vf_tbl_heap SELECT i, i FROM GENERATE_SERIES(1,10)i;
INSERT 0 10
VACUUM FREEZE vf_tbl_heap;
VACUUM

CREATE TABLE vf_tbl_ao (a int, b int) WITH (appendonly=true);
CREATE TABLE
CREATE INDEX vf_tbl_ao_idx1 ON vf_tbl_ao(b);
CREATE INDEX
INSERT INTO vf_tbl_ao SELECT i, i FROM GENERATE_SERIES(1,10)i;
INSERT 0 10
VACUUM FREEZE vf_tbl_ao;
VACUUM

CREATE TABLE vf_tbl_aoco (a int, b int) WITH (appendonly=true, orientation=column);
CREATE TABLE
CREATE INDEX vf_tbl_aoco_idx1 ON vf_tbl_aoco(b);
CREATE INDEX
INSERT INTO vf_tbl_aoco SELECT i, i FROM GENERATE_SERIES(1,10)i;
INSERT 0 10
VACUUM FREEZE vf_tbl_aoco;
VACUUM
