-- Copyright (c) 2017-2023 VMware, Inc. or its affiliates
-- SPDX-License-Identifier: Apache-2.0

--------------------------------------------------------------------------------
-- Create and setup non-upgradeable objects
--------------------------------------------------------------------------------

DROP SCHEMA IF EXISTS removed_operators CASCADE;
DROP SCHEMA
CREATE SCHEMA removed_operators;
CREATE SCHEMA
SET search_path to removed_operators;
SET

CREATE OR REPLACE VIEW view_with_int2vectoreq AS SELECT '1 2'::INT2VECTOR = '1 2'::INT2VECTOR;
CREATE VIEW

---------------------------------------------------------------------------------
--- Assert that pg_upgrade --check correctly detects the non-upgradeable objects
---------------------------------------------------------------------------------
!\retcode gpupgrade initialize --source-gphome="${GPHOME_SOURCE}" --target-gphome=${GPHOME_TARGET} --source-master-port=${PGPORT} --disk-free-ratio 0 --non-interactive;
(exited with code 1)
! find $(ls -dt ~/gpAdminLogs/gpupgrade/pg_upgrade_*/ | head -1) -name "views_with_removed_operators.txt" -exec cat {} +;
In database: isolation2test
  removed_operators.view_with_int2vectoreq


---------------------------------------------------------------------------------
--- Workaround to unblock upgrade
---------------------------------------------------------------------------------
DROP VIEW view_with_int2vectoreq;
DROP VIEW
